Command line invocation:
    /Applications/Xcode.app/Contents/Developer/usr/bin/xcodebuild build -project MyDoList.xcodeproj -scheme MyDoList -destination "platform=iOS Simulator,name=iPhone 17,OS=26.2"

2026-03-08 12:43:40.287 xcodebuild[24788:282809] [MT] IDERunDestination: Supported platforms for the buildables in the current scheme is empty.
ComputePackagePrebuildTargetDependencyGraph

Prepare packages

CreateBuildRequest

SendProjectDescription

CreateBuildOperation

ComputeTargetDependencyGraph
note: Building targets in dependency order
note: Target dependency graph (1 target)
    Target 'MyDoList' in project 'MyDoList' (no dependencies)

GatherProvisioningInputs

CreateBuildDescription

ExecuteExternalTool /Applications/Xcode.app/Contents/Developer/Toolchains/XcodeDefault.xctoolchain/usr/bin/clang -v -E -dM -isysroot /Applications/Xcode.app/Contents/Developer/Platforms/iPhoneSimulator.platform/Developer/SDKs/iPhoneSimulator26.2.sdk -x c -c /dev/null

ExecuteExternalTool /Applications/Xcode.app/Contents/Developer/usr/bin/actool --print-asset-tag-combinations --output-format xml1 /Users/arpitpatel/Downloads/MyDoList/MyDoList/Assets.xcassets

ExecuteExternalTool /Applications/Xcode.app/Contents/Developer/usr/bin/actool --version --output-format xml1

ExecuteExternalTool /Applications/Xcode.app/Contents/Developer/Toolchains/XcodeDefault.xctoolchain/usr/bin/swiftc --version

ExecuteExternalTool /Applications/Xcode.app/Contents/Developer/Toolchains/XcodeDefault.xctoolchain/usr/bin/ld -version_details

Build description signature: 6fe2cf24b8a85e01a50c80dd0984ad5c
Build description path: /Users/arpitpatel/Library/Developer/Xcode/DerivedData/MyDoList-ddqfbaaweopnqobbwlhosmyqmztg/Build/Intermediates.noindex/XCBuildData/6fe2cf24b8a85e01a50c80dd0984ad5c.xcbuilddata
ClangStatCache /Applications/Xcode.app/Contents/Developer/Toolchains/XcodeDefault.xctoolchain/usr/bin/clang-stat-cache /Applications/Xcode.app/Contents/Developer/Platforms/iPhoneSimulator.platform/Developer/SDKs/iPhoneSimulator26.2.sdk /Users/arpitpatel/Library/Developer/Xcode/DerivedData/SDKStatCaches.noindex/iphonesimulator26.2-23C53-7d00a8b37fbd7999ea79df8ebc024bf0.sdkstatcache
    cd /Users/arpitpatel/Downloads/MyDoList/MyDoList.xcodeproj
    /Applications/Xcode.app/Contents/Developer/Toolchains/XcodeDefault.xctoolchain/usr/bin/clang-stat-cache /Applications/Xcode.app/Contents/Developer/Platforms/iPhoneSimulator.platform/Developer/SDKs/iPhoneSimulator26.2.sdk -o /Users/arpitpatel/Library/Developer/Xcode/DerivedData/SDKStatCaches.noindex/iphonesimulator26.2-23C53-7d00a8b37fbd7999ea79df8ebc024bf0.sdkstatcache

ProcessProductPackaging "" /Users/arpitpatel/Library/Developer/Xcode/DerivedData/MyDoList-ddqfbaaweopnqobbwlhosmyqmztg/Build/Intermediates.noindex/MyDoList.build/Debug-iphonesimulator/MyDoList.build/MyDoList.app-Simulated.xcent (in target 'MyDoList' from project 'MyDoList')
    cd /Users/arpitpatel/Downloads/MyDoList
    
    Entitlements:
    
    {
    "application-identifier" = "K8Z9XG74X9.com.arpitpatel.MyDoList";
}
    
    builtin-productPackagingUtility -entitlements -format xml -o /Users/arpitpatel/Library/Developer/Xcode/DerivedData/MyDoList-ddqfbaaweopnqobbwlhosmyqmztg/Build/Intermediates.noindex/MyDoList.build/Debug-iphonesimulator/MyDoList.build/MyDoList.app-Simulated.xcent

ProcessProductPackagingDER /Users/arpitpatel/Library/Developer/Xcode/DerivedData/MyDoList-ddqfbaaweopnqobbwlhosmyqmztg/Build/Intermediates.noindex/MyDoList.build/Debug-iphonesimulator/MyDoList.build/MyDoList.app-Simulated.xcent /Users/arpitpatel/Library/Developer/Xcode/DerivedData/MyDoList-ddqfbaaweopnqobbwlhosmyqmztg/Build/Intermediates.noindex/MyDoList.build/Debug-iphonesimulator/MyDoList.build/MyDoList.app-Simulated.xcent.der (in target 'MyDoList' from project 'MyDoList')
    cd /Users/arpitpatel/Downloads/MyDoList
    /usr/bin/derq query -f xml -i /Users/arpitpatel/Library/Developer/Xcode/DerivedData/MyDoList-ddqfbaaweopnqobbwlhosmyqmztg/Build/Intermediates.noindex/MyDoList.build/Debug-iphonesimulator/MyDoList.build/MyDoList.app-Simulated.xcent -o /Users/arpitpatel/Library/Developer/Xcode/DerivedData/MyDoList-ddqfbaaweopnqobbwlhosmyqmztg/Build/Intermediates.noindex/MyDoList.build/Debug-iphonesimulator/MyDoList.build/MyDoList.app-Simulated.xcent.der --raw

ProcessInfoPlistFile /Users/arpitpatel/Library/Developer/Xcode/DerivedData/MyDoList-ddqfbaaweopnqobbwlhosmyqmztg/Build/Products/Debug-iphonesimulator/MyDoList.app/Info.plist /Users/arpitpatel/Library/Developer/Xcode/DerivedData/MyDoList-ddqfbaaweopnqobbwlhosmyqmztg/Build/Intermediates.noindex/MyDoList.build/Debug-iphonesimulator/MyDoList.build/empty-MyDoList.plist (in target 'MyDoList' from project 'MyDoList')
    cd /Users/arpitpatel/Downloads/MyDoList
    builtin-infoPlistUtility /Users/arpitpatel/Library/Developer/Xcode/DerivedData/MyDoList-ddqfbaaweopnqobbwlhosmyqmztg/Build/Intermediates.noindex/MyDoList.build/Debug-iphonesimulator/MyDoList.build/empty-MyDoList.plist -producttype com.apple.product-type.application -genpkginfo /Users/arpitpatel/Library/Developer/Xcode/DerivedData/MyDoList-ddqfbaaweopnqobbwlhosmyqmztg/Build/Products/Debug-iphonesimulator/MyDoList.app/PkgInfo -expandbuildsettings -format binary -platform iphonesimulator -additionalcontentfile /Users/arpitpatel/Library/Developer/Xcode/DerivedData/MyDoList-ddqfbaaweopnqobbwlhosmyqmztg/Build/Intermediates.noindex/MyDoList.build/Debug-iphonesimulator/MyDoList.build/assetcatalog_generated_info.plist -o /Users/arpitpatel/Library/Developer/Xcode/DerivedData/MyDoList-ddqfbaaweopnqobbwlhosmyqmztg/Build/Products/Debug-iphonesimulator/MyDoList.app/Info.plist

SwiftDriver MyDoList normal arm64 com.apple.xcode.tools.swift.compiler (in target 'MyDoList' from project 'MyDoList')
    cd /Users/arpitpatel/Downloads/MyDoList
    builtin-SwiftDriver -- /Applications/Xcode.app/Contents/Developer/Toolchains/XcodeDefault.xctoolchain/usr/bin/swiftc -module-name MyDoList -Onone -enforce-exclusivity\=checked @/Users/arpitpatel/Library/Developer/Xcode/DerivedData/MyDoList-ddqfbaaweopnqobbwlhosmyqmztg/Build/Intermediates.noindex/MyDoList.build/Debug-iphonesimulator/MyDoList.build/Objects-normal/arm64/MyDoList.SwiftFileList -DDEBUG -default-isolation\=MainActor -enable-bare-slash-regex -enable-upcoming-feature DisableOutwardActorInference -enable-upcoming-feature InferSendableFromCaptures -enable-upcoming-feature GlobalActorIsolatedTypesUsability -enable-upcoming-feature MemberImportVisibility -enable-upcoming-feature InferIsolatedConformances -enable-upcoming-feature NonisolatedNonsendingByDefault -enable-experimental-feature DebugDescriptionMacro -sdk /Applications/Xcode.app/Contents/Developer/Platforms/iPhoneSimulator.platform/Developer/SDKs/iPhoneSimulator26.2.sdk -target arm64-apple-ios26.0-simulator -g -module-cache-path /Users/arpitpatel/Library/Developer/Xcode/DerivedData/ModuleCache.noindex -Xfrontend -serialize-debugging-options -enable-testing -index-store-path /Users/arpitpatel/Library/Developer/Xcode/DerivedData/MyDoList-ddqfbaaweopnqobbwlhosmyqmztg/Index.noindex/DataStore -Xcc -D_LIBCPP_HARDENING_MODE\=_LIBCPP_HARDENING_MODE_DEBUG -swift-version 5 -I /Users/arpitpatel/Library/Developer/Xcode/DerivedData/MyDoList-ddqfbaaweopnqobbwlhosmyqmztg/Build/Products/Debug-iphonesimulator -F /Users/arpitpatel/Library/Developer/Xcode/DerivedData/MyDoList-ddqfbaaweopnqobbwlhosmyqmztg/Build/Products/Debug-iphonesimulator -emit-localized-strings -emit-localized-strings-path /Users/arpitpatel/Library/Developer/Xcode/DerivedData/MyDoList-ddqfbaaweopnqobbwlhosmyqmztg/Build/Intermediates.noindex/MyDoList.build/Debug-iphonesimulator/MyDoList.build/Objects-normal/arm64 -c -j8 -enable-batch-mode -incremental -Xcc -ivfsstatcache -Xcc /Users/arpitpatel/Library/Developer/Xcode/DerivedData/SDKStatCaches.noindex/iphonesimulator26.2-23C53-7d00a8b37fbd7999ea79df8ebc024bf0.sdkstatcache -output-file-map /Users/arpitpatel/Library/Developer/Xcode/DerivedData/MyDoList-ddqfbaaweopnqobbwlhosmyqmztg/Build/Intermediates.noindex/MyDoList.build/Debug-iphonesimulator/MyDoList.build/Objects-normal/arm64/MyDoList-OutputFileMap.json -use-frontend-parseable-output -save-temps -no-color-diagnostics -explicit-module-build -module-cache-path /Users/arpitpatel/Library/Developer/Xcode/DerivedData/MyDoList-ddqfbaaweopnqobbwlhosmyqmztg/Build/Intermediates.noindex/SwiftExplicitPrecompiledModules -clang-scanner-module-cache-path /Users/arpitpatel/Library/Developer/Xcode/DerivedData/ModuleCache.noindex -sdk-module-cache-path /Users/arpitpatel/Library/Developer/Xcode/DerivedData/ModuleCache.noindex -serialize-diagnostics -emit-dependencies -emit-module -emit-module-path /Users/arpitpatel/Library/Developer/Xcode/DerivedData/MyDoList-ddqfbaaweopnqobbwlhosmyqmztg/Build/Intermediates.noindex/MyDoList.build/Debug-iphonesimulator/MyDoList.build/Objects-normal/arm64/MyDoList.swiftmodule -validate-clang-modules-once -clang-build-session-file /Users/arpitpatel/Library/Developer/Xcode/DerivedData/ModuleCache.noindex/Session.modulevalidation -Xcc -I/Users/arpitpatel/Library/Developer/Xcode/DerivedData/MyDoList-ddqfbaaweopnqobbwlhosmyqmztg/Build/Intermediates.noindex/MyDoList.build/Debug-iphonesimulator/MyDoList.build/swift-overrides.hmap -emit-const-values -Xfrontend -const-gather-protocols-file -Xfrontend /Users/arpitpatel/Library/Developer/Xcode/DerivedData/MyDoList-ddqfbaaweopnqobbwlhosmyqmztg/Build/Intermediates.noindex/MyDoList.build/Debug-iphonesimulator/MyDoList.build/Objects-normal/arm64/MyDoList_const_extract_protocols.json -Xcc -iquote -Xcc /Users/arpitpatel/Library/Developer/Xcode/DerivedData/MyDoList-ddqfbaaweopnqobbwlhosmyqmztg/Build/Intermediates.noindex/MyDoList.build/Debug-iphonesimulator/MyDoList.build/MyDoList-generated-files.hmap -Xcc -I/Users/arpitpatel/Library/Developer/Xcode/DerivedData/MyDoList-ddqfbaaweopnqobbwlhosmyqmztg/Build/Intermediates.noindex/MyDoList.build/Debug-iphonesimulator/MyDoList.build/MyDoList-own-target-headers.hmap -Xcc -I/Users/arpitpatel/Library/Developer/Xcode/DerivedData/MyDoList-ddqfbaaweopnqobbwlhosmyqmztg/Build/Intermediates.noindex/MyDoList.build/Debug-iphonesimulator/MyDoList.build/MyDoList-all-target-headers.hmap -Xcc -iquote -Xcc /Users/arpitpatel/Library/Developer/Xcode/DerivedData/MyDoList-ddqfbaaweopnqobbwlhosmyqmztg/Build/Intermediates.noindex/MyDoList.build/Debug-iphonesimulator/MyDoList.build/MyDoList-project-headers.hmap -Xcc -I/Users/arpitpatel/Library/Developer/Xcode/DerivedData/MyDoList-ddqfbaaweopnqobbwlhosmyqmztg/Build/Products/Debug-iphonesimulator/include -Xcc -I/Users/arpitpatel/Library/Developer/Xcode/DerivedData/MyDoList-ddqfbaaweopnqobbwlhosmyqmztg/Build/Intermediates.noindex/MyDoList.build/Debug-iphonesimulator/MyDoList.build/DerivedSources-normal/arm64 -Xcc -I/Users/arpitpatel/Library/Developer/Xcode/DerivedData/MyDoList-ddqfbaaweopnqobbwlhosmyqmztg/Build/Intermediates.noindex/MyDoList.build/Debug-iphonesimulator/MyDoList.build/DerivedSources/arm64 -Xcc -I/Users/arpitpatel/Library/Developer/Xcode/DerivedData/MyDoList-ddqfbaaweopnqobbwlhosmyqmztg/Build/Intermediates.noindex/MyDoList.build/Debug-iphonesimulator/MyDoList.build/DerivedSources -Xcc -DDEBUG\=1 -emit-objc-header -emit-objc-header-path /Users/arpitpatel/Library/Developer/Xcode/DerivedData/MyDoList-ddqfbaaweopnqobbwlhosmyqmztg/Build/Intermediates.noindex/MyDoList.build/Debug-iphonesimulator/MyDoList.build/Objects-normal/arm64/MyDoList-Swift.h -working-directory /Users/arpitpatel/Downloads/MyDoList -experimental-emit-module-separately -disable-cmo

SwiftCompile normal arm64 Compiling\ AnimatedCheckbox.swift,\ CreateListView.swift /Users/arpitpatel/Downloads/MyDoList/MyDoList/Views/Components/AnimatedCheckbox.swift /Users/arpitpatel/Downloads/MyDoList/MyDoList/Views/CreateListView.swift (in target 'MyDoList' from project 'MyDoList')

SwiftCompile normal arm64 /Users/arpitpatel/Downloads/MyDoList/MyDoList/Views/Components/AnimatedCheckbox.swift (in target 'MyDoList' from project 'MyDoList')
    cd /Users/arpitpatel/Downloads/MyDoList
    

SwiftCompile normal arm64 /Users/arpitpatel/Downloads/MyDoList/MyDoList/Views/CreateListView.swift (in target 'MyDoList' from project 'MyDoList')
    cd /Users/arpitpatel/Downloads/MyDoList
    

SwiftCompile normal arm64 Compiling\ CreateTaskView.swift,\ EditListView.swift /Users/arpitpatel/Downloads/MyDoList/MyDoList/Views/CreateTaskView.swift /Users/arpitpatel/Downloads/MyDoList/MyDoList/Views/EditListView.swift (in target 'MyDoList' from project 'MyDoList')

SwiftCompile normal arm64 /Users/arpitpatel/Downloads/MyDoList/MyDoList/Views/CreateTaskView.swift (in target 'MyDoList' from project 'MyDoList')
    cd /Users/arpitpatel/Downloads/MyDoList
    

SwiftCompile normal arm64 /Users/arpitpatel/Downloads/MyDoList/MyDoList/Views/EditListView.swift (in target 'MyDoList' from project 'MyDoList')
    cd /Users/arpitpatel/Downloads/MyDoList
    

SwiftCompile normal arm64 Compiling\ ListsView.swift,\ MainTabView.swift /Users/arpitpatel/Downloads/MyDoList/MyDoList/Views/ListsView.swift /Users/arpitpatel/Downloads/MyDoList/MyDoList/Views/MainTabView.swift (in target 'MyDoList' from project 'MyDoList')
SwiftCompile normal arm64 /Users/arpitpatel/Downloads/MyDoList/MyDoList/Views/ListsView.swift (in target 'MyDoList' from project 'MyDoList')
    cd /Users/arpitpatel/Downloads/MyDoList
    

SwiftCompile normal arm64 /Users/arpitpatel/Downloads/MyDoList/MyDoList/Views/MainTabView.swift (in target 'MyDoList' from project 'MyDoList')
    cd /Users/arpitpatel/Downloads/MyDoList
    

SwiftEmitModule normal arm64 Emitting\ module\ for\ MyDoList (in target 'MyDoList' from project 'MyDoList')

EmitSwiftModule normal arm64 (in target 'MyDoList' from project 'MyDoList')
    cd /Users/arpitpatel/Downloads/MyDoList
    

SwiftCompile normal arm64 Compiling\ TaskDetailView.swift /Users/arpitpatel/Downloads/MyDoList/MyDoList/Views/TaskDetailView.swift (in target 'MyDoList' from project 'MyDoList')

SwiftCompile normal arm64 /Users/arpitpatel/Downloads/MyDoList/MyDoList/Views/TaskDetailView.swift (in target 'MyDoList' from project 'MyDoList')
    cd /Users/arpitpatel/Downloads/MyDoList
    

SwiftCompile normal arm64 Compiling\ TasksView.swift /Users/arpitpatel/Downloads/MyDoList/MyDoList/Views/TasksView.swift (in target 'MyDoList' from project 'MyDoList')

SwiftCompile normal arm64 /Users/arpitpatel/Downloads/MyDoList/MyDoList/Views/TasksView.swift (in target 'MyDoList' from project 'MyDoList')
    cd /Users/arpitpatel/Downloads/MyDoList
    

SwiftCompile normal arm64 Compiling\ SearchView.swift /Users/arpitpatel/Downloads/MyDoList/MyDoList/Views/SearchView.swift (in target 'MyDoList' from project 'MyDoList')

SwiftCompile normal arm64 /Users/arpitpatel/Downloads/MyDoList/MyDoList/Views/SearchView.swift (in target 'MyDoList' from project 'MyDoList')
    cd /Users/arpitpatel/Downloads/MyDoList
    

SwiftCompile normal arm64 Compiling\ OnboardingView.swift /Users/arpitpatel/Downloads/MyDoList/MyDoList/Views/OnboardingView.swift (in target 'MyDoList' from project 'MyDoList')
Failed frontend command:
/Applications/Xcode.app/Contents/Developer/Toolchains/XcodeDefault.xctoolchain/usr/bin/swift-frontend -frontend -c /Users/arpitpatel/Downloads/MyDoList/MyDoList/Views/Components/AnimatedCheckbox.swift /Users/arpitpatel/Downloads/MyDoList/MyDoList/Views/CreateListView.swift /Users/arpitpatel/Downloads/MyDoList/MyDoList/Views/CreateTaskView.swift /Users/arpitpatel/Downloads/MyDoList/MyDoList/Views/EditListView.swift /Users/arpitpatel/Downloads/MyDoList/MyDoList/Views/ListsView.swift /Users/arpitpatel/Downloads/MyDoList/MyDoList/Views/MainTabView.swift -primary-file /Users/arpitpatel/Downloads/MyDoList/MyDoList/Views/OnboardingView.swift /Users/arpitpatel/Downloads/MyDoList/MyDoList/Views/SearchView.swift /Users/arpitpatel/Downloads/MyDoList/MyDoList/Views/SettingsView.swift /Users/arpitpatel/Downloads/MyDoList/MyDoList/Views/TaskDetailView.swift /Users/arpitpatel/Downloads/MyDoList/MyDoList/Views/TasksView.swift /Users/arpitpatel/Downloads/MyDoList/MyDoList/Views/TodayView.swift /Users/arpitpatel/Downloads/MyDoList/MyDoList/ContentView.swift /Users/arpitpatel/Downloads/MyDoList/MyDoList/Extensions.swift /Users/arpitpatel/Downloads/MyDoList/MyDoList/ListDataModel.swift /Users/arpitpatel/Downloads/MyDoList/MyDoList/MyDoListApp.swift /Users/arpitpatel/Downloads/MyDoList/MyDoList/NotificationManager.swift /Users/arpitpatel/Downloads/MyDoList/MyDoList/ViewModels.swift /Users/arpitpatel/Library/Developer/Xcode/DerivedData/MyDoList-ddqfbaaweopnqobbwlhosmyqmztg/Build/Intermediates.noindex/MyDoList.build/Debug-iphonesimulator/MyDoList.build/DerivedSources/GeneratedAssetSymbols.swift -emit-dependencies-path /Users/arpitpatel/Library/Developer/Xcode/DerivedData/MyDoList-ddqfbaaweopnqobbwlhosmyqmztg/Build/Intermediates.noindex/MyDoList.build/Debug-iphonesimulator/MyDoList.build/Objects-normal/arm64/OnboardingView.d -emit-const-values-path /Users/arpitpatel/Library/Developer/Xcode/DerivedData/MyDoList-ddqfbaaweopnqobbwlhosmyqmztg/Build/Intermediates.noindex/MyDoList.build/Debug-iphonesimulator/MyDoList.build/Objects-normal/arm64/OnboardingView.swiftconstvalues -emit-reference-dependencies-path /Users/arpitpatel/Library/Developer/Xcode/DerivedData/MyDoList-ddqfbaaweopnqobbwlhosmyqmztg/Build/Intermediates.noindex/MyDoList.build/Debug-iphonesimulator/MyDoList.build/Objects-normal/arm64/OnboardingView.swiftdeps -serialize-diagnostics-path /Users/arpitpatel/Library/Developer/Xcode/DerivedData/MyDoList-ddqfbaaweopnqobbwlhosmyqmztg/Build/Intermediates.noindex/MyDoList.build/Debug-iphonesimulator/MyDoList.build/Objects-normal/arm64/OnboardingView.dia -emit-localized-strings -emit-localized-strings-path /Users/arpitpatel/Library/Developer/Xcode/DerivedData/MyDoList-ddqfbaaweopnqobbwlhosmyqmztg/Build/Intermediates.noindex/MyDoList.build/Debug-iphonesimulator/MyDoList.build/Objects-normal/arm64 -target arm64-apple-ios26.0-simulator -module-can-import-version DeveloperToolsSupport 23.0.4 23.0.4 -module-can-import-version SwiftUI 7.2.5.1 7.2.5 -module-can-import-version UIKit 9126.2.4.1 9126.2.4 -disable-cross-import-overlay-search -swift-module-cross-import SwiftData /Applications/Xcode.app/Contents/Developer/Platforms/iPhoneSimulator.platform/Developer/SDKs/iPhoneSimulator26.2.sdk/System/Library/Frameworks/SwiftData.framework/Modules/SwiftData.swiftcrossimport/CoreData.swiftoverlay -swift-module-cross-import SwiftData /Applications/Xcode.app/Contents/Developer/Platforms/iPhoneSimulator.platform/Developer/SDKs/iPhoneSimulator26.2.sdk/System/Library/Frameworks/SwiftData.framework/Modules/SwiftData.swiftcrossimport/SwiftUI.swiftoverlay -load-resolved-plugin /Applications/Xcode.app/Contents/Developer/Platforms/iPhoneOS.platform/Developer/usr/lib/swift/host/plugins/libFoundationMacros.dylib\#/Applications/Xcode.app/Contents/Developer/Platforms/iPhoneOS.platform/Developer/usr/bin/swift-plugin-server\#FoundationMacros -load-resolved-plugin /Applications/Xcode.app/Contents/Developer/Platforms/iPhoneOS.platform/Developer/usr/lib/swift/host/plugins/libObservationMacros.dylib\#/Applications/Xcode.app/Contents/Developer/Platforms/iPhoneOS.platform/Developer/usr/bin/swift-plugin-server\#ObservationMacros -load-resolved-plugin /Applications/Xcode.app/Contents/Developer/Platforms/iPhoneOS.platform/Developer/usr/lib/swift/host/plugins/libPreviewsMacros.dylib\#/Applications/Xcode.app/Contents/Developer/Platforms/iPhoneOS.platform/Developer/usr/bin/swift-plugin-server\#PreviewsMacros -load-resolved-plugin /Applications/Xcode.app/Contents/Developer/Platforms/iPhoneOS.platform/Developer/usr/lib/swift/host/plugins/libSwiftDataMacros.dylib\#/Applications/Xcode.app/Contents/Developer/Platforms/iPhoneOS.platform/Developer/usr/bin/swift-plugin-server\#SwiftDataMacros -load-resolved-plugin /Applications/Xcode.app/Contents/Developer/Platforms/iPhoneOS.platform/Developer/usr/lib/swift/host/plugins/libSwiftMacros.dylib\#/Applications/Xcode.app/Contents/Developer/Platforms/iPhoneOS.platform/Developer/usr/bin/swift-plugin-server\#SwiftMacros -load-resolved-plugin /Applications/Xcode.app/Contents/Developer/Platforms/iPhoneOS.platform/Developer/usr/lib/swift/host/plugins/libSwiftUIMacros.dylib\#/Applications/Xcode.app/Contents/Developer/Platforms/iPhoneOS.platform/Developer/usr/bin/swift-plugin-server\#SwiftUIMacros -disable-implicit-swift-modules -Xcc -fno-implicit-modules -Xcc -fno-implicit-module-maps -explicit-swift-module-map-file /Users/arpitpatel/Library/Developer/Xcode/DerivedData/MyDoList-ddqfbaaweopnqobbwlhosmyqmztg/Build/Intermediates.noindex/MyDoList.build/Debug-iphonesimulator/MyDoList.build/Objects-normal/arm64/MyDoList-dependencies-1.json -Xllvm -aarch64-use-tbi -enable-objc-interop -sdk /Applications/Xcode.app/Contents/Developer/Platforms/iPhoneSimulator.platform/Developer/SDKs/iPhoneSimulator26.2.sdk -I /Users/arpitpatel/Library/Developer/Xcode/DerivedData/MyDoList-ddqfbaaweopnqobbwlhosmyqmztg/Build/Products/Debug-iphonesimulator -F /Users/arpitpatel/Library/Developer/Xcode/DerivedData/MyDoList-ddqfbaaweopnqobbwlhosmyqmztg/Build/Products/Debug-iphonesimulator -no-color-diagnostics -Xcc -fno-color-diagnostics -enable-testing -g -debug-info-format\=dwarf -dwarf-version\=5 -module-cache-path /Users/arpitpatel/Library/Developer/Xcode/DerivedData/MyDoList-ddqfbaaweopnqobbwlhosmyqmztg/Build/Intermediates.noindex/SwiftExplicitPrecompiledModules -swift-version 5 -enforce-exclusivity\=checked -Onone -D DEBUG -serialize-debugging-options -const-gather-protocols-file /Users/arpitpatel/Library/Developer/Xcode/DerivedData/MyDoList-ddqfbaaweopnqobbwlhosmyqmztg/Build/Intermediates.noindex/MyDoList.build/Debug-iphonesimulator/MyDoList.build/Objects-normal/arm64/MyDoList_const_extract_protocols.json -enable-upcoming-feature DisableOutwardActorInference -enable-upcoming-feature InferSendableFromCaptures -enable-upcoming-feature GlobalActorIsolatedTypesUsability -enable-upcoming-feature MemberImportVisibility -enable-upcoming-feature InferIsolatedConformances -enable-upcoming-feature NonisolatedNonsendingByDefault -enable-experimental-feature DebugDescriptionMacro -enable-bare-slash-regex -default-isolation\=MainActor -empty-abi-descriptor -validate-clang-modules-once -clang-build-session-file /Users/arpitpatel/Library/Developer/Xcode/DerivedData/ModuleCache.noindex/Session.modulevalidation -Xcc -working-directory -Xcc /Users/arpitpatel/Downloads/MyDoList -enable-anonymous-context-mangled-names -file-compilation-dir /Users/arpitpatel/Downloads/MyDoList -Xcc -D_LIBCPP_HARDENING_MODE\=_LIBCPP_HARDENING_MODE_DEBUG -Xcc -ivfsstatcache -Xcc /Users/arpitpatel/Library/Developer/Xcode/DerivedData/SDKStatCaches.noindex/iphonesimulator26.2-23C53-7d00a8b37fbd7999ea79df8ebc024bf0.sdkstatcache -Xcc -I/Users/arpitpatel/Library/Developer/Xcode/DerivedData/MyDoList-ddqfbaaweopnqobbwlhosmyqmztg/Build/Intermediates.noindex/MyDoList.build/Debug-iphonesimulator/MyDoList.build/swift-overrides.hmap -Xcc -iquote -Xcc /Users/arpitpatel/Library/Developer/Xcode/DerivedData/MyDoList-ddqfbaaweopnqobbwlhosmyqmztg/Build/Intermediates.noindex/MyDoList.build/Debug-iphonesimulator/MyDoList.build/MyDoList-generated-files.hmap -Xcc -I/Users/arpitpatel/Library/Developer/Xcode/DerivedData/MyDoList-ddqfbaaweopnqobbwlhosmyqmztg/Build/Intermediates.noindex/MyDoList.build/Debug-iphonesimulator/MyDoList.build/MyDoList-own-target-headers.hmap -Xcc -I/Users/arpitpatel/Library/Developer/Xcode/DerivedData/MyDoList-ddqfbaaweopnqobbwlhosmyqmztg/Build/Intermediates.noindex/MyDoList.build/Debug-iphonesimulator/MyDoList.build/MyDoList-all-target-headers.hmap -Xcc -iquote -Xcc /Users/arpitpatel/Library/Developer/Xcode/DerivedData/MyDoList-ddqfbaaweopnqobbwlhosmyqmztg/Build/Intermediates.noindex/MyDoList.build/Debug-iphonesimulator/MyDoList.build/MyDoList-project-headers.hmap -Xcc -I/Users/arpitpatel/Library/Developer/Xcode/DerivedData/MyDoList-ddqfbaaweopnqobbwlhosmyqmztg/Build/Products/Debug-iphonesimulator/include -Xcc -I/Users/arpitpatel/Library/Developer/Xcode/DerivedData/MyDoList-ddqfbaaweopnqobbwlhosmyqmztg/Build/Intermediates.noindex/MyDoList.build/Debug-iphonesimulator/MyDoList.build/DerivedSources-normal/arm64 -Xcc -I/Users/arpitpatel/Library/Developer/Xcode/DerivedData/MyDoList-ddqfbaaweopnqobbwlhosmyqmztg/Build/Intermediates.noindex/MyDoList.build/Debug-iphonesimulator/MyDoList.build/DerivedSources/arm64 -Xcc -I/Users/arpitpatel/Library/Developer/Xcode/DerivedData/MyDoList-ddqfbaaweopnqobbwlhosmyqmztg/Build/Intermediates.noindex/MyDoList.build/Debug-iphonesimulator/MyDoList.build/DerivedSources -Xcc -DDEBUG\=1 -no-auto-bridging-header-chaining -module-name MyDoList -frontend-parseable-output -disable-clang-spi -target-sdk-version 26.2 -target-sdk-name iphonesimulator26.2 -clang-target arm64-apple-ios26.2-simulator -in-process-plugin-server-path /Applications/Xcode.app/Contents/Developer/Toolchains/XcodeDefault.xctoolchain/usr/lib/swift/host/libSwiftInProcPluginServer.dylib -o /Users/arpitpatel/Library/Developer/Xcode/DerivedData/MyDoList-ddqfbaaweopnqobbwlhosmyqmztg/Build/Intermediates.noindex/MyDoList.build/Debug-iphonesimulator/MyDoList.build/Objects-normal/arm64/OnboardingView.o -index-unit-output-path /MyDoList.build/Debug-iphonesimulator/MyDoList.build/Objects-normal/arm64/OnboardingView.o -index-store-path /Users/arpitpatel/Library/Developer/Xcode/DerivedData/MyDoList-ddqfbaaweopnqobbwlhosmyqmztg/Index.noindex/DataStore -index-system-modules

SwiftCompile normal arm64 /Users/arpitpatel/Downloads/MyDoList/MyDoList/Views/OnboardingView.swift (in target 'MyDoList' from project 'MyDoList')
    cd /Users/arpitpatel/Downloads/MyDoList
    
/Users/arpitpatel/Downloads/MyDoList/MyDoList/Views/OnboardingView.swift:120:53: error: type 'UIImpactFeedbackGenerator.FeedbackStyle' has no member 'success'
                        appViewModel.triggerHaptic(.success)
                                                   ~^~~~~~~

SwiftCompile normal arm64 Compiling\ SettingsView.swift /Users/arpitpatel/Downloads/MyDoList/MyDoList/Views/SettingsView.swift (in target 'MyDoList' from project 'MyDoList')

SwiftCompile normal arm64 /Users/arpitpatel/Downloads/MyDoList/MyDoList/Views/SettingsView.swift (in target 'MyDoList' from project 'MyDoList')
    cd /Users/arpitpatel/Downloads/MyDoList
    

** BUILD FAILED **


The following build commands failed:
	SwiftCompile normal arm64 Compiling\ OnboardingView.swift /Users/arpitpatel/Downloads/MyDoList/MyDoList/Views/OnboardingView.swift (in target 'MyDoList' from project 'MyDoList')
	SwiftCompile normal arm64 /Users/arpitpatel/Downloads/MyDoList/MyDoList/Views/OnboardingView.swift (in target 'MyDoList' from project 'MyDoList')
	Building project MyDoList with scheme MyDoList
(3 failures)
